[sites.google.com/view/munnmoc/trang-chủe486.html]
[sites.google.com/view/munnmoc/POST.1.delayed]
[backblue.gif]
[fade.gif]
[index.html]
[sites.google.com/view/munnmoc/trang-chủfd93.html]
[apis.google.com/js/clientc932.js]
[sites.google.com/view/munnmoc/trang-chủ.html]
[sites.google.com/view/munnmoc/trang-chủe486.html]
[sites.google.com/view/munnmoc/POST.html]
[sites.google.com/view/munnmoc/trang-chủfd93.html]
[sites.google.com/view/munnmoc/trang-chủ.html]
[sites.google.com/view/munnmoc/bánh-ngọt.html]
[sites.google.com/view/munnmoc/bánh-ngọt/burnt-cheesecake.html]
[sites.google.com/view/munnmoc/bánh-ngọt/red-velvet.html]
[sites.google.com/view/munnmoc/bánh-ngọt/tiramisu.html]
[sites.google.com/view/munnmoc/bánh-ngọt/mousse-cake.html]
[sites.google.com/view/munnmoc/bánh-ngọt/macaron.html]
[sites.google.com/view/munnmoc/bánh-ngọt.html]
[sites.google.com/view/munnmoc/bánh-ngọt/burnt-cheesecake.html]
[sites.google.com/view/munnmoc/bánh-ngọt/croissant.html]
[sites.google.com/view/munnmoc/bánh-ngọt/POST.c.delayed]
[sites.google.com/view/munnmoc/bánh-ngọt/red-velvet.html]
[sites.google.com/view/munnmoc/bánh-ngọt/tiramisu.html]
[sites.google.com/view/munnmoc/bánh-ngọt/mousse-cake.html]
[sites.google.com/view/munnmoc/bánh-ngọt/macaron.html]
[sites.google.com/view/munnmoc/bánh-ngọt/croissant.html]
[sites.google.com/view/munnmoc/bánh-ngọt/POST.html]
